// Jest Snapshot v1, https://goo.gl/fbAQLP

exports[`LocationSearchForm renders correctly 1`] = `
<div>
  <div>
    <form
      role="filter-form"
    >
      <fieldset
        style="padding: 0px; margin: 0px;"
      >
        <input
          placeholder="Enter provider"
          role="provider-search-input"
          type="text"
          value=""
        />
        <input
          placeholder="Enter location or address"
          role="location-search-input"
          type="text"
          value=""
        />
        <button
          role="search-button"
          type="submit"
        >
          Search cloud provider
        </button>
        <button
          role="clear-button"
        >
          Clear
        </button>
      </fieldset>
    </form>
  </div>
</div>
`;
